============================= test session starts =============================
platform win32 -- Python 3.9.13, pytest-8.4.2, pluggy-1.6.0
rootdir: D:\f1-race-insights
configfile: pyproject.toml
plugins: anyio-4.12.0, asyncio-1.2.0, cov-7.0.0
asyncio: mode=strict, debug=False, asyncio_default_fixture_loop_scope=None, asyncio_default_test_loop_scope=function
collected 23 items / 3 errors

=================================== ERRORS ====================================
_________________ ERROR collecting tests/test_calibration.py __________________
tests\test_calibration.py:6: in <module>
    from f1.evaluation.calibration import (
f1\evaluation\calibration.py:98: in <module>
    predictions: pd.DataFrame, validation_df: pd.DataFrame | None = None, method: str = "isotonic"
E   TypeError: unsupported operand type(s) for |: 'type' and 'NoneType'
_______________ ERROR collecting tests/test_counterfactuals.py ________________
tests\test_counterfactuals.py:5: in <module>
    from f1.analysis.counterfactuals import (
f1\analysis\counterfactuals.py:12: in <module>
    from f1.models.registry import predict_race
f1\models\registry.py:20: in <module>
    from f1.evaluation.calibration import calibrate_nbt_tlf_scores, calibrate_tree_model_predictions
f1\evaluation\calibration.py:98: in <module>
    predictions: pd.DataFrame, validation_df: pd.DataFrame | None = None, method: str = "isotonic"
E   TypeError: unsupported operand type(s) for |: 'type' and 'NoneType'
___________________ ERROR collecting tests/test_registry.py ___________________
tests\test_registry.py:8: in <module>
    from f1.models.registry import ModelRegistry, predict_race
f1\models\registry.py:20: in <module>
    from f1.evaluation.calibration import calibrate_nbt_tlf_scores, calibrate_tree_model_predictions
f1\evaluation\calibration.py:98: in <module>
    predictions: pd.DataFrame, validation_df: pd.DataFrame | None = None, method: str = "isotonic"
E   TypeError: unsupported operand type(s) for |: 'type' and 'NoneType'
=========================== short test summary info ===========================
ERROR tests/test_calibration.py - TypeError: unsupported operand type(s) for ...
ERROR tests/test_counterfactuals.py - TypeError: unsupported operand type(s) ...
ERROR tests/test_registry.py - TypeError: unsupported operand type(s) for |: ...
!!!!!!!!!!!!!!!!!!! Interrupted: 3 errors during collection !!!!!!!!!!!!!!!!!!!
============================== 3 errors in 3.60s ==============================
